2026-08-23T22:46:15Z INF Thank you for trying Cloudflare Tunnel. Doing so, without a Cloudflare account, is a quick way to experiment and try it out. However, be aware that these account-less Tunnels have no uptime guarantee, are subject to the Cloudflare Online Services Terms of Use (https://www.cloudflare.com/website-terms/), and Cloudflare reserves the right to investigate your use of Tunnels for violations of such terms. If you intend to use Tunnels in production you should use a pre-created named tunnel by following: https://developers.cloudflare.com/cloudflare-one/connections/connect-apps
2026-08-23T22:46:15Z INF Requesting new quick Tunnel on trycloudflare.com...
2026-08-23T22:46:22Z INF +--------------------------------------------------------------------------------------------+
2026-08-23T22:46:22Z INF |  Your quick Tunnel has been created! Visit it at (it may take some time to be reachable):  |
2026-08-23T22:46:22Z INF |  https://headers-walked-loud-easy.trycloudflare.com                                        |
2026-08-23T22:46:22Z INF +--------------------------------------------------------------------------------------------+
2026-08-23T22:46:22Z INF Cannot determine default configuration path. No file [config.yml config.yaml] in [~/.cloudflared ~/.cloudflare-warp ~/cloudflare-warp /etc/cloudflared /usr/local/etc/cloudflared]
2026-08-23T22:46:22Z INF Version 2026.8.2 (Checksum b6bc98e794894b4ccee49c027c7cae050bbf74a92212e2c4bef348f5b33fa846)
2026-08-23T22:46:22Z INF GOOS: darwin, GOVersion: go1.26.6, GoArch: arm64
2026-08-23T22:46:22Z INF Settings: map[ha-connections:1 no-autoupdate:true protocol:quic url:http://127.0.0.1:8000]
2026-08-23T22:46:22Z INF cloudflared will not automatically update if installed by a package manager.
2026-08-23T22:46:25Z INF Generated Connector ID: 259958b0-f338-41de-a4a3-46c2df64eab1
2026-08-23T22:46:28Z INF Initial protocol quic
2026-08-23T22:46:28Z INF ICMP proxy will use 192.168.206.216 as source for IPv4
2026-08-23T22:46:28Z INF ICMP proxy will use fe80::140e:f858:3f74:d2c2 in zone en0 as source for IPv6
2026-08-23T22:46:28Z INF Created ICMP proxy listening on 192.168.206.216:0
2026-08-23T22:46:33Z INF ICMP proxy will use 192.168.206.216 as source for IPv4
2026-08-23T22:46:33Z INF ICMP proxy will use fe80::140e:f858:3f74:d2c2 in zone en0 as source for IPv6
2026-08-23T22:46:33Z INF Starting metrics server on 127.0.0.1:20241/metrics
2026-08-23T22:46:37Z INF Tunnel connection curve preferences: [X25519MLKEM768 CurveID(65074) CurveP256] connIndex=0 event=0 ip=2606:4700:a8::4
2026-08-23T22:46:38Z INF +----------------------------------------------------------------------------------------------------+
2026-08-23T22:46:38Z INF |                                      CONNECTIVITY PRE-CHECKS                                       |
2026-08-23T22:46:38Z INF +----------------------------------------------------------------------------------------------------+
2026-08-23T22:46:38Z INF |  COMPONENT         TARGET                     STATUS  DETAILS                                      |
2026-08-23T22:46:38Z INF |  DNS Resolution    region1.v2.argotunnel.com  PASS    DNS Resolved successfully                    |
2026-08-23T22:46:38Z INF |  DNS Resolution    region2.v2.argotunnel.com  PASS    DNS Resolved successfully                    |
2026-08-23T22:46:38Z INF |  UDP Connectivity  region1.v2.argotunnel.com  PASS    QUIC connection successful                   |
2026-08-23T22:46:38Z INF |  UDP Connectivity  region2.v2.argotunnel.com  FAIL    QUIC connection failed                       |
2026-08-23T22:46:38Z INF |  TCP Connectivity  region1.v2.argotunnel.com  PASS    HTTP/2 connection successful                 |
2026-08-23T22:46:38Z INF |  TCP Connectivity  region2.v2.argotunnel.com  FAIL    HTTP/2 connection is blocked or unreachable  |
2026-08-23T22:46:38Z INF |  Cloudflare API    api.cloudflare.com:443     PASS    API is reachable                             |
2026-08-23T22:46:38Z INF |  ERROR: Allow outbound QUIC traffic on port 7844 or use HTTP2.                                     |
2026-08-23T22:46:38Z INF |  ERROR: Allow outbound TCP on port 7844.                                                           |
2026-08-23T22:46:38Z INF |                                                                                                    |
2026-08-23T22:46:38Z INF |  SUMMARY: Environment has critical failures. cloudflared may not be able to establish a tunnel.    |
2026-08-23T22:46:38Z INF +----------------------------------------------------------------------------------------------------+
2026-08-23T22:46:38Z INF precheck component="DNS Resolution" details="DNS Resolved successfully" run_id=8ab43b07-6db1-42c9-90a6-83a1ea59e6ad status=pass target=region1.v2.argotunnel.com
2026-08-23T22:46:38Z INF precheck component="DNS Resolution" details="DNS Resolved successfully" run_id=8ab43b07-6db1-42c9-90a6-83a1ea59e6ad status=pass target=region2.v2.argotunnel.com
2026-08-23T22:46:38Z INF precheck component="UDP Connectivity" details="QUIC connection successful" run_id=8ab43b07-6db1-42c9-90a6-83a1ea59e6ad status=pass target=region1.v2.argotunnel.com
2026-08-23T22:46:38Z INF precheck component="UDP Connectivity" details="QUIC connection failed" run_id=8ab43b07-6db1-42c9-90a6-83a1ea59e6ad status=fail target=region2.v2.argotunnel.com
2026-08-23T22:46:38Z INF precheck component="TCP Connectivity" details="HTTP/2 connection successful" run_id=8ab43b07-6db1-42c9-90a6-83a1ea59e6ad status=pass target=region1.v2.argotunnel.com
2026-08-23T22:46:38Z INF precheck component="TCP Connectivity" details="HTTP/2 connection is blocked or unreachable" run_id=8ab43b07-6db1-42c9-90a6-83a1ea59e6ad status=fail target=region2.v2.argotunnel.com
2026-08-23T22:46:38Z INF precheck component="Cloudflare API" details="API is reachable" run_id=8ab43b07-6db1-42c9-90a6-83a1ea59e6ad status=pass target=api.cloudflare.com:443
2026-08-23T22:46:38Z INF precheck complete hard_fail=true run_id=8ab43b07-6db1-42c9-90a6-83a1ea59e6ad
2026-08-23T22:46:42Z ERR Failed to initialize DNS local resolver error="lookup region1.v2.argotunnel.com: i/o timeout"
2026-08-23T22:46:42Z ERR Failed to dial a quic connection error="failed to dial to edge with quic: timeout: no recent network activity" connIndex=0 event=0 ip=2606:4700:a8::4
2026-08-23T22:46:42Z INF Retrying connection in up to 2s connIndex=0 event=0 ip=2606:4700:a8::4
2026-08-23T22:46:43Z INF Tunnel connection curve preferences: [X25519MLKEM768 CurveID(65074) CurveP256] connIndex=0 event=0 ip=2606:4700:a0::10
2026-08-23T22:46:48Z ERR Failed to dial a quic connection error="failed to dial to edge with quic: timeout: no recent network activity" connIndex=0 event=0 ip=2606:4700:a0::10
2026-08-23T22:46:48Z INF Retrying connection in up to 4s connIndex=0 event=0 ip=2606:4700:a0::10
2026-08-23T22:46:49Z INF Tunnel connection curve preferences: [X25519MLKEM768 CurveID(65074) CurveP256] connIndex=0 event=0 ip=198.41.192.167
2026-08-23T22:46:50Z INF Registered tunnel connection connIndex=0 connection=0c7098e8-9ab3-4eff-bbda-11650fe06df0 event=0 ip=198.41.192.167 location=del02 protocol=quic
2026-08-23T22:51:47Z ERR Failed to refresh DNS local resolver error="lookup region1.v2.argotunnel.com: i/o timeout"
2026-08-23T22:56:52Z ERR Failed to refresh DNS local resolver error="lookup region1.v2.argotunnel.com: i/o timeout"
2026-08-23T23:01:57Z ERR Failed to refresh DNS local resolver error="lookup region1.v2.argotunnel.com: i/o timeout"
2026-08-23T23:07:02Z ERR Failed to refresh DNS local resolver error="lookup region1.v2.argotunnel.com: i/o timeout"
2026-08-23T23:12:07Z ERR Failed to refresh DNS local resolver error="lookup region1.v2.argotunnel.com: i/o timeout"
2026-08-23T23:17:12Z ERR Failed to refresh DNS local resolver error="lookup region1.v2.argotunnel.com: i/o timeout"
2026-08-23T23:22:17Z ERR Failed to refresh DNS local resolver error="lookup region1.v2.argotunnel.com: i/o timeout"
2026-08-23T23:27:22Z ERR Failed to refresh DNS local resolver error="lookup region1.v2.argotunnel.com: i/o timeout"
2026-08-23T23:32:27Z ERR Failed to refresh DNS local resolver error="lookup region1.v2.argotunnel.com: i/o timeout"
2026-08-23T23:37:32Z ERR Failed to refresh DNS local resolver error="lookup region1.v2.argotunnel.com: i/o timeout"
2026-08-23T23:42:37Z ERR Failed to refresh DNS local resolver error="lookup region1.v2.argotunnel.com: i/o timeout"
